$ next build
   ▲ Next.js 15.5.23

   Creating an optimized production build ...
 ✓ Compiled successfully in 4.7s
   Linting and checking validity of types ...

 ⚠ The Next.js plugin was not detected in your ESLint configuration. See https://nextjs.org/docs/app/api-reference/config/eslint#migrating-existing-config
   Collecting page data ...
   Generating static pages (0/4) ...
   Generating static pages (1/4) 
   Generating static pages (2/4) 
   Generating static pages (3/4) 
 ✓ Generating static pages (4/4)
   Finalizing page optimization ...
   Collecting build traces ...

Route (app)                                 Size  First Load JS
┌ ○ /                                      123 B         102 kB
└ ○ /_not-found                            996 B         103 kB
+ First Load JS shared by all             102 kB
  ├ chunks/651-aa718f39737af734.js         46 kB
  ├ chunks/6a3bc4dd-4c19ca862a3d916c.js  54.2 kB
  └ other shared chunks (total)          1.96 kB


○  (Static)  prerendered as static content

